EN t_pll NULL /root/FPGA-MISC/virtex/t_pll.vhd sub00/vhpl04 1386609882
AR virtex_55 behavioral /root/FPGA-MISC/virtex/virtex_55.vhd sub00/vhpl03 1386609885
EN virtex_55 NULL /root/FPGA-MISC/virtex/virtex_55.vhd sub00/vhpl02 1386609884
AR t_pll behavioral /root/FPGA-MISC/virtex/t_pll.vhd sub00/vhpl05 1386609883
EN test NULL /root/FPGA-MISC/virtex/test.vhd sub00/vhpl00 1390145169
AR test behavioral /root/FPGA-MISC/virtex/test.vhd sub00/vhpl01 1390145170
