Release 14.7 - xst P.20131013 (lin64)
Copyright (c) 1995-2013 Xilinx, Inc.  All rights reserved.
--> 
Parameter TMPDIR set to xst/projnav.tmp


Total REAL time to Xst completion: 0.00 secs
Total CPU time to Xst completion: 0.07 secs
 
--> 
Parameter xsthdpdir set to xst


Total REAL time to Xst completion: 0.00 secs
Total CPU time to Xst completion: 0.07 secs
 
--> 
Reading design: clk_test_parent.prj

TABLE OF CONTENTS
  1) Synthesis Options Summary
  2) HDL Parsing
  3) HDL Elaboration
  4) HDL Synthesis
       4.1) HDL Synthesis Report
  5) Advanced HDL Synthesis
       5.1) Advanced HDL Synthesis Report
  6) Low Level Synthesis
  7) Partition Report
  8) Design Summary
       8.1) Primitive and Black Box Usage
       8.2) Device utilization summary
       8.3) Partition Resource Summary
       8.4) Timing Report
            8.4.1) Clock Information
            8.4.2) Asynchronous Control Signals Information
            8.4.3) Timing Summary
            8.4.4) Timing Details
            8.4.5) Cross Clock Domains Report


=========================================================================
*                      Synthesis Options Summary                        *
=========================================================================
---- Source Parameters
Input File Name                    : "clk_test_parent.prj"
Ignore Synthesis Constraint File   : NO

---- Target Parameters
Output File Name                   : "clk_test_parent"
Output Format                      : NGC
Target Device                      : xc6slx16-3-csg324

---- Source Options
Top Module Name                    : clk_test_parent
Automatic FSM Extraction           : YES
FSM Encoding Algorithm             : Auto
Safe Implementation                : No
FSM Style                          : LUT
RAM Extraction                     : Yes
RAM Style                          : Auto
ROM Extraction                     : Yes
Shift Register Extraction          : YES
ROM Style                          : Auto
Resource Sharing                   : YES
Asynchronous To Synchronous        : NO
Shift Register Minimum Size        : 2
Use DSP Block                      : Auto
Automatic Register Balancing       : No

---- Target Options
LUT Combining                      : Auto
Reduce Control Sets                : Auto
Add IO Buffers                     : YES
Global Maximum Fanout              : 100000
Add Generic Clock Buffer(BUFG)     : 16
Register Duplication               : YES
Optimize Instantiated Primitives   : NO
Use Clock Enable                   : Auto
Use Synchronous Set                : Auto
Use Synchronous Reset              : Auto
Pack IO Registers into IOBs        : Auto
Equivalent register Removal        : YES

---- General Options
Optimization Goal                  : Speed
Optimization Effort                : 1
Power Reduction                    : NO
Keep Hierarchy                     : No
Netlist Hierarchy                  : As_Optimized
RTL Output                         : Yes
Global Optimization                : AllClockNets
Read Cores                         : YES
Write Timing Constraints           : NO
Cross Clock Analysis               : NO
Hierarchy Separator                : /
Bus Delimiter                      : <>
Case Specifier                     : Maintain
Slice Utilization Ratio            : 100
BRAM Utilization Ratio             : 100
DSP48 Utilization Ratio            : 100
Auto BRAM Packing                  : NO
Slice Utilization Ratio Delta      : 5

---- Other Options
Cores Search Directories           : {"ipcore_dir"  }

=========================================================================


=========================================================================
*                          HDL Parsing                                  *
=========================================================================
Parsing VHDL file "/root/FPGA-MISC/FFT with VGA/ipcore_dir/flow_3_adc_fifo.vhd" into library work
Parsing entity <flow_3_adc_fifo>.
Parsing architecture <flow_3_adc_fifo_a> of entity <flow_3_adc_fifo>.
Parsing VHDL file "/root/FPGA-MISC/FFT with VGA/clk_test.vhd" into library work
Parsing entity <clk_test>.
Parsing architecture <Behavioral> of entity <clk_test>.
Parsing VHDL file "/root/FPGA-MISC/FFT with VGA/clk_test_parent.vhd" into library work
Parsing entity <clk_test_parent>.
Parsing architecture <Behavioral> of entity <clk_test_parent>.

=========================================================================
*                            HDL Elaboration                            *
=========================================================================

Elaborating entity <clk_test_parent> (architecture <Behavioral>) from library <work>.

Elaborating entity <flow_3_adc_fifo> (architecture <flow_3_adc_fifo_a>) from library <work>.

Elaborating entity <clk_test> (architecture <Behavioral>) from library <work>.

=========================================================================
*                           HDL Synthesis                               *
=========================================================================

Synthesizing Unit <clk_test_parent>.
    Related source file is "/root/FPGA-MISC/FFT with VGA/clk_test_parent.vhd".
INFO:Xst:3210 - "/root/FPGA-MISC/FFT with VGA/clk_test_parent.vhd" line 86: Output port <dout> of the instance <your_instance_name> is unconnected or connected to loadless signal.
    Found 1-bit register for signal <state>.
    Found 1-bit register for signal <wr_en>.
    Found 1-bit register for signal <rd_en>.
    Found 1-bit register for signal <en>.
    Summary:
	inferred   4 D-type flip-flop(s).
	inferred   2 Multiplexer(s).
Unit <clk_test_parent> synthesized.

Synthesizing Unit <clk_test>.
    Related source file is "/root/FPGA-MISC/FFT with VGA/clk_test.vhd".
WARNING:Xst:647 - Input <en> is never used. This port will be preserved and left unconnected if it belongs to a top-level block or it belongs to a sub-block and the hierarchy of this sub-block is preserved.
    Found 8-bit register for signal <data_out>.
    Found 2-bit register for signal <counter>.
    Found 1-bit register for signal <data_out_clk>.
    Found 1-bit register for signal <data_clk>.
    Found 2-bit adder for signal <counter[1]_GND_6_o_add_5_OUT> created at line 1241.
    Summary:
	inferred   1 Adder/Subtractor(s).
	inferred  12 D-type flip-flop(s).
	inferred   1 Multiplexer(s).
Unit <clk_test> synthesized.

=========================================================================
HDL Synthesis Report

Macro Statistics
# Adders/Subtractors                                   : 1
 2-bit adder                                           : 1
# Registers                                            : 8
 1-bit register                                        : 6
 2-bit register                                        : 1
 8-bit register                                        : 1
# Multiplexers                                         : 3
 1-bit 2-to-1 multiplexer                              : 3

=========================================================================

=========================================================================
*                       Advanced HDL Synthesis                          *
=========================================================================

Reading core <ipcore_dir/flow_3_adc_fifo.ngc>.
Loading core <flow_3_adc_fifo> for timing and area information for instance <your_instance_name>.

Synthesizing (advanced) Unit <clk_test>.
The following registers are absorbed into counter <counter>: 1 register on signal <counter>.
Unit <clk_test> synthesized (advanced).

=========================================================================
Advanced HDL Synthesis Report

Macro Statistics
# Counters                                             : 1
 2-bit up counter                                      : 1
# Registers                                            : 14
 Flip-Flops                                            : 14
# Multiplexers                                         : 2
 1-bit 2-to-1 multiplexer                              : 2

=========================================================================

=========================================================================
*                         Low Level Synthesis                           *
=========================================================================
INFO:Xst:2261 - The FF/Latch <wr_en> in Unit <clk_test_parent> is equivalent to the following FF/Latch, which will be removed : <en> 

Optimizing unit <clk_test_parent> ...

Optimizing unit <clk_test> ...

Mapping all equations...
Building and optimizing final netlist ...
Found area constraint ratio of 100 (+ 5) on block clk_test_parent, actual ratio is 1.
INFO:Xst:2260 - The FF/Latch <U0/xst_fifo_generator/gconvfifo.rf/grf.rf/gntv_or_sync_fifo.gl0.rd/gr1.rfwft/empty_fwft_i> in Unit <your_instance_name> is equivalent to the following FF/Latch : <U0/xst_fifo_generator/gconvfifo.rf/grf.rf/gntv_or_sync_fifo.gl0.rd/gr1.rfwft/empty_fwft_fb> 
INFO:Xst:2260 - The FF/Latch <U0/xst_fifo_generator/gconvfifo.rf/grf.rf/rstblk/ngwrdrst.grst.wr_rst_reg_1> in Unit <your_instance_name> is equivalent to the following FF/Latch : <U0/xst_fifo_generator/gconvfifo.rf/grf.rf/rstblk/ngwrdrst.grst.wr_rst_reg_0> 
INFO:Xst:2260 - The FF/Latch <U0/xst_fifo_generator/gconvfifo.rf/grf.rf/rstblk/ngwrdrst.grst.rd_rst_reg_2> in Unit <your_instance_name> is equivalent to the following 2 FFs/Latches : <U0/xst_fifo_generator/gconvfifo.rf/grf.rf/rstblk/ngwrdrst.grst.rd_rst_reg_1> <U0/xst_fifo_generator/gconvfifo.rf/grf.rf/rstblk/ngwrdrst.grst.rd_rst_reg_0> 
INFO:Xst:2260 - The FF/Latch <U0/xst_fifo_generator/gconvfifo.rf/grf.rf/gntv_or_sync_fifo.gl0.wr/gwas.wsts/ram_full_i> in Unit <your_instance_name> is equivalent to the following FF/Latch : <U0/xst_fifo_generator/gconvfifo.rf/grf.rf/gntv_or_sync_fifo.gl0.wr/gwas.wsts/ram_full_fb_i> 
INFO:Xst:2260 - The FF/Latch <U0/xst_fifo_generator/gconvfifo.rf/grf.rf/gntv_or_sync_fifo.gl0.rd/gr1.rfwft/empty_fwft_i> in Unit <your_instance_name> is equivalent to the following FF/Latch : <U0/xst_fifo_generator/gconvfifo.rf/grf.rf/gntv_or_sync_fifo.gl0.rd/gr1.rfwft/empty_fwft_fb> 
INFO:Xst:2260 - The FF/Latch <U0/xst_fifo_generator/gconvfifo.rf/grf.rf/rstblk/ngwrdrst.grst.wr_rst_reg_1> in Unit <your_instance_name> is equivalent to the following FF/Latch : <U0/xst_fifo_generator/gconvfifo.rf/grf.rf/rstblk/ngwrdrst.grst.wr_rst_reg_0> 
INFO:Xst:2260 - The FF/Latch <U0/xst_fifo_generator/gconvfifo.rf/grf.rf/rstblk/ngwrdrst.grst.rd_rst_reg_2> in Unit <your_instance_name> is equivalent to the following 2 FFs/Latches : <U0/xst_fifo_generator/gconvfifo.rf/grf.rf/rstblk/ngwrdrst.grst.rd_rst_reg_1> <U0/xst_fifo_generator/gconvfifo.rf/grf.rf/rstblk/ngwrdrst.grst.rd_rst_reg_0> 
INFO:Xst:2260 - The FF/Latch <U0/xst_fifo_generator/gconvfifo.rf/grf.rf/gntv_or_sync_fifo.gl0.wr/gwas.wsts/ram_full_i> in Unit <your_instance_name> is equivalent to the following FF/Latch : <U0/xst_fifo_generator/gconvfifo.rf/grf.rf/gntv_or_sync_fifo.gl0.wr/gwas.wsts/ram_full_fb_i> 

Final Macro Processing ...

=========================================================================
Final Register Report

Macro Statistics
# Registers                                            : 15
 Flip-Flops                                            : 15

=========================================================================

=========================================================================
*                           Partition Report                            *
=========================================================================

Partition Implementation Status
-------------------------------

  No Partitions were found in this design.

-------------------------------

=========================================================================
*                            Design Summary                             *
=========================================================================

Top Level Output File Name         : clk_test_parent.ngc

Primitive and Black Box Usage:
------------------------------
# BELS                             : 87
#      GND                         : 2
#      INV                         : 5
#      LUT2                        : 27
#      LUT3                        : 13
#      LUT4                        : 9
#      LUT5                        : 8
#      LUT6                        : 23
# FlipFlops/Latches                : 145
#      FD                          : 4
#      FDC                         : 72
#      FDCE                        : 41
#      FDE                         : 2
#      FDP                         : 15
#      FDPE                        : 3
#      FDRE                        : 8
# RAMS                             : 1
#      RAMB8BWER                   : 1
# Clock Buffers                    : 2
#      BUFG                        : 1
#      BUFGP                       : 1
# IO Buffers                       : 10
#      IBUF                        : 9
#      OBUF                        : 1

Device utilization summary:
---------------------------

Selected Device : 6slx16csg324-3 


Slice Logic Utilization: 
 Number of Slice Registers:             145  out of  18224     0%  
 Number of Slice LUTs:                   85  out of   9112     0%  
    Number used as Logic:                85  out of   9112     0%  

Slice Logic Distribution: 
 Number of LUT Flip Flop pairs used:    174
   Number with an unused Flip Flop:      29  out of    174    16%  
   Number with an unused LUT:            89  out of    174    51%  
   Number of fully used LUT-FF pairs:    56  out of    174    32%  
   Number of unique control sets:        16

IO Utilization: 
 Number of IOs:                          11
 Number of bonded IOBs:                  11  out of    232     4%  

Specific Feature Utilization:
 Number of Block RAM/FIFO:                1  out of     32     3%  
    Number using Block RAM only:          1
 Number of BUFG/BUFGCTRLs:                2  out of     16    12%  

---------------------------
Partition Resource Summary:
---------------------------

  No Partitions were found in this design.

---------------------------


=========================================================================
Timing Report

NOTE: THESE TIMING NUMBERS ARE ONLY A SYNTHESIS ESTIMATE.
      FOR ACCURATE TIMING INFORMATION PLEASE REFER TO THE TRACE REPORT
      GENERATED AFTER PLACE-and-ROUTE.

Clock Information:
------------------
-----------------------------------+------------------------+-------+
Clock Signal                       | Clock buffer(FF name)  | Load  |
-----------------------------------+------------------------+-------+
clk                                | BUFGP                  | 82    |
Inst_clk_test/data_out_clk         | BUFG                   | 65    |
-----------------------------------+------------------------+-------+

Asynchronous Control Signals Information:
----------------------------------------
No asynchronous control signals found in this design

Timing Summary:
---------------
Speed Grade: -3

   Minimum period: 3.738ns (Maximum Frequency: 267.491MHz)
   Minimum input arrival time before clock: 3.459ns
   Maximum output required time after clock: 3.597ns
   Maximum combinational path delay: No path found

Timing Details:
---------------
All values displayed in nanoseconds (ns)

=========================================================================
Timing constraint: Default period analysis for Clock 'clk'
  Clock period: 3.738ns (frequency: 267.491MHz)
  Total number of paths / destination ports: 362 / 166
-------------------------------------------------------------------------
Delay:               3.738ns (Levels of Logic = 4)
  Source:            rd_en (FF)
  Destination:       your_instance_name/U0/xst_fifo_generator/gconvfifo.rf/grf.rf/gntv_or_sync_fifo.gl0.rd/gras.rsts/ram_empty_fb_i (FF)
  Source Clock:      clk rising
  Destination Clock: clk rising

  Data Path: rd_en to your_instance_name/U0/xst_fifo_generator/gconvfifo.rf/grf.rf/gntv_or_sync_fifo.gl0.rd/gras.rsts/ram_empty_fb_i
                                Gate     Net
    Cell:in->out      fanout   Delay   Delay  Logical Name (Net Name)
    ----------------------------------------  ------------
     FDE:C->Q              6   0.447   0.992  rd_en (rd_en)
     begin scope: 'your_instance_name:rd_en'
     LUT4:I0->O           16   0.203   1.005  U0/xst_fifo_generator/gconvfifo.rf/grf.rf/gntv_or_sync_fifo.gl0.rd/gr1.rfwft/Mmux_RAM_RD_EN_FWFT11 (U0/xst_fifo_generator/gconvfifo.rf/grf.rf/ram_rd_en)
     LUT6:I5->O            1   0.205   0.580  U0/xst_fifo_generator/gconvfifo.rf/grf.rf/gntv_or_sync_fifo.gl0.rd/gras.rsts/comp0_comp1_OR_6_o4 (U0/xst_fifo_generator/gconvfifo.rf/grf.rf/gntv_or_sync_fifo.gl0.rd/gras.rsts/comp0_comp1_OR_6_o4)
     LUT6:I5->O            1   0.205   0.000  U0/xst_fifo_generator/gconvfifo.rf/grf.rf/gntv_or_sync_fifo.gl0.rd/gras.rsts/comp0_comp1_OR_6_o8 (U0/xst_fifo_generator/gconvfifo.rf/grf.rf/gntv_or_sync_fifo.gl0.rd/gras.rsts/comp0_comp1_OR_6_o)
     FDP:D                     0.102          U0/xst_fifo_generator/gconvfifo.rf/grf.rf/gntv_or_sync_fifo.gl0.rd/gras.rsts/ram_empty_fb_i
    ----------------------------------------
    Total                      3.738ns (1.162ns logic, 2.576ns route)
                                       (31.1% logic, 68.9% route)

=========================================================================
Timing constraint: Default period analysis for Clock 'Inst_clk_test/data_out_clk'
  Clock period: 3.485ns (frequency: 286.932MHz)
  Total number of paths / destination ports: 285 / 144
-------------------------------------------------------------------------
Delay:               3.485ns (Levels of Logic = 3)
  Source:            your_instance_name/U0/xst_fifo_generator/gconvfifo.rf/grf.rf/gntv_or_sync_fifo.gl0.wr/wpntr/gic0.gc0.count_1 (FF)
  Destination:       your_instance_name/U0/xst_fifo_generator/gconvfifo.rf/grf.rf/gntv_or_sync_fifo.gl0.wr/gwas.wsts/ram_full_i (FF)
  Source Clock:      Inst_clk_test/data_out_clk rising
  Destination Clock: Inst_clk_test/data_out_clk rising

  Data Path: your_instance_name/U0/xst_fifo_generator/gconvfifo.rf/grf.rf/gntv_or_sync_fifo.gl0.wr/wpntr/gic0.gc0.count_1 to your_instance_name/U0/xst_fifo_generator/gconvfifo.rf/grf.rf/gntv_or_sync_fifo.gl0.wr/gwas.wsts/ram_full_i
                                Gate     Net
    Cell:in->out      fanout   Delay   Delay  Logical Name (Net Name)
    ----------------------------------------  ------------
     FDPE:C->Q            13   0.447   0.933  U0/xst_fifo_generator/gconvfifo.rf/grf.rf/gntv_or_sync_fifo.gl0.wr/wpntr/gic0.gc0.count_1 (U0/xst_fifo_generator/gconvfifo.rf/grf.rf/gntv_or_sync_fifo.gl0.wr/wpntr/gic0.gc0.count<1>)
     LUT5:I4->O            1   0.205   0.808  U0/xst_fifo_generator/gconvfifo.rf/grf.rf/gntv_or_sync_fifo.gl0.wr/gwas.wsts/Mmux_comp1_GND_176_o_MUX_17_o14 (U0/xst_fifo_generator/gconvfifo.rf/grf.rf/gntv_or_sync_fifo.gl0.wr/gwas.wsts/Mmux_comp1_GND_176_o_MUX_17_o13)
     LUT6:I3->O            1   0.205   0.580  U0/xst_fifo_generator/gconvfifo.rf/grf.rf/gntv_or_sync_fifo.gl0.wr/gwas.wsts/Mmux_comp1_GND_176_o_MUX_17_o15 (U0/xst_fifo_generator/gconvfifo.rf/grf.rf/gntv_or_sync_fifo.gl0.wr/gwas.wsts/Mmux_comp1_GND_176_o_MUX_17_o14)
     LUT5:I4->O            2   0.205   0.000  U0/xst_fifo_generator/gconvfifo.rf/grf.rf/gntv_or_sync_fifo.gl0.wr/gwas.wsts/Mmux_comp1_GND_176_o_MUX_17_o19 (U0/xst_fifo_generator/gconvfifo.rf/grf.rf/gntv_or_sync_fifo.gl0.wr/gwas.wsts/comp1_GND_176_o_MUX_17_o)
     FDP:D                     0.102          U0/xst_fifo_generator/gconvfifo.rf/grf.rf/gntv_or_sync_fifo.gl0.wr/gwas.wsts/ram_full_fb_i
    ----------------------------------------
    Total                      3.485ns (1.164ns logic, 2.321ns route)
                                       (33.4% logic, 66.6% route)

=========================================================================
Timing constraint: Default OFFSET IN BEFORE for Clock 'clk'
  Total number of paths / destination ports: 24 / 24
-------------------------------------------------------------------------
Offset:              3.459ns (Levels of Logic = 2)
  Source:            rst (PAD)
  Destination:       wr_en (FF)
  Destination Clock: clk rising

  Data Path: rst to wr_en
                                Gate     Net
    Cell:in->out      fanout   Delay   Delay  Logical Name (Net Name)
    ----------------------------------------  ------------
     IBUF:I->O            20   1.222   1.092  rst_IBUF (rst_IBUF)
     INV:I->O              2   0.206   0.616  rst_inv1_INV_0 (rst_inv)
     FDE:CE                    0.322          wr_en
    ----------------------------------------
    Total                      3.459ns (1.750ns logic, 1.709ns route)
                                       (50.6% logic, 49.4% route)

=========================================================================
Timing constraint: Default OFFSET IN BEFORE for Clock 'Inst_clk_test/data_out_clk'
  Total number of paths / destination ports: 5 / 5
-------------------------------------------------------------------------
Offset:              2.744ns (Levels of Logic = 2)
  Source:            rst (PAD)
  Destination:       your_instance_name/U0/xst_fifo_generator/gconvfifo.rf/grf.rf/rstblk/RST_FULL_GEN (FF)
  Destination Clock: Inst_clk_test/data_out_clk rising

  Data Path: rst to your_instance_name/U0/xst_fifo_generator/gconvfifo.rf/grf.rf/rstblk/RST_FULL_GEN
                                Gate     Net
    Cell:in->out      fanout   Delay   Delay  Logical Name (Net Name)
    ----------------------------------------  ------------
     IBUF:I->O            20   1.222   1.092  rst_IBUF (rst_IBUF)
     begin scope: 'your_instance_name:rst'
     FDP:PRE                   0.430          U0/xst_fifo_generator/gconvfifo.rf/grf.rf/rstblk/grstd1.grst_full.rst_d1
    ----------------------------------------
    Total                      2.744ns (1.652ns logic, 1.092ns route)
                                       (60.2% logic, 39.8% route)

=========================================================================
Timing constraint: Default OFFSET OUT AFTER for Clock 'clk'
  Total number of paths / destination ports: 1 / 1
-------------------------------------------------------------------------
Offset:              3.597ns (Levels of Logic = 1)
  Source:            Inst_clk_test/data_clk (FF)
  Destination:       data_clk (PAD)
  Source Clock:      clk rising

  Data Path: Inst_clk_test/data_clk to data_clk
                                Gate     Net
    Cell:in->out      fanout   Delay   Delay  Logical Name (Net Name)
    ----------------------------------------  ------------
     FDC:C->Q              1   0.447   0.579  Inst_clk_test/data_clk (Inst_clk_test/data_clk)
     OBUF:I->O                 2.571          data_clk_OBUF (data_clk)
    ----------------------------------------
    Total                      3.597ns (3.018ns logic, 0.579ns route)
                                       (83.9% logic, 16.1% route)

=========================================================================

Cross Clock Domains Report:
--------------------------

Clock to Setup on destination clock Inst_clk_test/data_out_clk
--------------------------+---------+---------+---------+---------+
                          | Src:Rise| Src:Fall| Src:Rise| Src:Fall|
Source Clock              |Dest:Rise|Dest:Rise|Dest:Fall|Dest:Fall|
--------------------------+---------+---------+---------+---------+
Inst_clk_test/data_out_clk|    3.485|         |         |         |
clk                       |    3.511|         |         |         |
--------------------------+---------+---------+---------+---------+

Clock to Setup on destination clock clk
--------------------------+---------+---------+---------+---------+
                          | Src:Rise| Src:Fall| Src:Rise| Src:Fall|
Source Clock              |Dest:Rise|Dest:Rise|Dest:Fall|Dest:Fall|
--------------------------+---------+---------+---------+---------+
Inst_clk_test/data_out_clk|    1.371|         |         |         |
clk                       |    3.738|         |         |         |
--------------------------+---------+---------+---------+---------+

=========================================================================


Total REAL time to Xst completion: 9.00 secs
Total CPU time to Xst completion: 8.88 secs
 
--> 


Total memory usage is 386336 kilobytes

Number of errors   :    0 (   0 filtered)
Number of warnings :    1 (   0 filtered)
Number of infos    :   10 (   0 filtered)

